// Jest Snapshot v1, https://goo.gl/fbAQLP

exports[`<SaveTemplateButton /> renders correctly in disabled state 1`] = `
<div>
  <button
    aria-disabled="false"
    aria-live="assertive"
    class="pgn__stateful-btn pgn__stateful-btn-state-default save-template-btn btn btn-outline-primary"
    type="button"
  >
    <span
      class="d-flex align-items-center justify-content-center"
    >
      <span>
        Save Template
      </span>
    </span>
  </button>
</div>
`;

exports[`<SaveTemplateButton /> renders correctly in enabled state 1`] = `
<div>
  <button
    aria-disabled="false"
    aria-live="assertive"
    class="pgn__stateful-btn pgn__stateful-btn-state-default save-template-btn btn btn-outline-primary"
    type="button"
  >
    <span
      class="d-flex align-items-center justify-content-center"
    >
      <span>
        Save Template
      </span>
    </span>
  </button>
</div>
`;

exports[`<SaveTemplateButton /> renders correctly while saving a template 1`] = `
<div>
  <button
    aria-disabled="false"
    aria-live="assertive"
    class="pgn__stateful-btn pgn__stateful-btn-state-default save-template-btn btn btn-outline-primary"
    type="button"
  >
    <span
      class="d-flex align-items-center justify-content-center"
    >
      <span>
        Save Template
      </span>
    </span>
  </button>
</div>
`;
