// Jest Snapshot v1, https://goo.gl/fbAQLP

exports[`<SaveTemplateButton /> renders correctly in disabled state 1`] = `
<button
  aria-disabled={false}
  aria-live="assertive"
  className="btn pgn__stateful-btn pgn__stateful-btn-state-default btn-outline-primary save-template-btn"
  onBlur={[Function]}
  onClick={[Function]}
  onKeyDown={[Function]}
  type="button"
>
  <span
    className="d-flex align-items-center justify-content-center"
  >
    Save Template
  </span>
</button>
`;

exports[`<SaveTemplateButton /> renders correctly in enabled state 1`] = `
<button
  aria-disabled={false}
  aria-live="assertive"
  className="btn pgn__stateful-btn pgn__stateful-btn-state-default btn-outline-primary save-template-btn"
  onBlur={[Function]}
  onClick={[Function]}
  onKeyDown={[Function]}
  type="button"
>
  <span
    className="d-flex align-items-center justify-content-center"
  >
    Save Template
  </span>
</button>
`;

exports[`<SaveTemplateButton /> renders correctly while saving a template 1`] = `
<button
  aria-disabled={false}
  aria-live="assertive"
  className="btn pgn__stateful-btn pgn__stateful-btn-state-default btn-outline-primary save-template-btn"
  onBlur={[Function]}
  onClick={[Function]}
  onKeyDown={[Function]}
  type="button"
>
  <span
    className="d-flex align-items-center justify-content-center"
  >
    Save Template
  </span>
</button>
`;
