// Jest Snapshot v1, https://goo.gl/fbAQLP

exports[`<FAQSupportPage /> renders correctly 1`] = `
<div
  className="container"
>
  <h1>
    Support
  </h1>
  <p>
    For assistance, please contact edX Enterprise Support at 
    <a
      href="mailto:enterprise@edx.org"
      onClick={null}
      target="_self"
    >
       enterprise@edx.org
    </a>
    .
  </p>
</div>
`;
