// Jest Snapshot v1, https://goo.gl/fbAQLP

exports[`EnrolledLearnersTable renders empty state correctly 1`] = `
<div
  className="fade alert-content alert alert-warning show"
  role="alert"
>
  <span
    className="pgn__icon alert-icon"
  >
    <svg
      aria-hidden={true}
      fill="none"
      focusable={false}
      height={24}
      role="img"
      viewBox="0 0 24 24"
      width={24}
      xmlns="http://www.w3.org/2000/svg"
    >
      <path
        d="M12 2L1 21h22L12 2z"
        fill="#F0CC00"
      />
      <path
        d="M13 16h-2v2h2v-2zM13 10h-2v4h2v-4z"
        fill="#111"
      />
    </svg>
  </span>
  <div
    className="pgn__alert-message-wrapper"
  >
    <div
      className="alert-message-content"
    >
      There are no results.
    </div>
  </div>
</div>
`;
