// Jest Snapshot v1, https://goo.gl/fbAQLP

exports[`<ErrorPage /> renders correctly 1`] = `
<div
  className="container"
>
  <div>
    <h1>
      Error
    </h1>
    <div
      className="alert fade alert-danger show"
      hidden={false}
      role="alert"
    >
      <div
        className="alert-dialog"
      >
        <div
          className=""
        >
          <div
            className="message"
          >
            <span>
              Something went terribly wrong
            </span>
          </div>
        </div>
      </div>
    </div>
  </div>
</div>
`;
